2025-08-12 18:32:51 - Nouvelle soumission:
Nom: Shalaby
Prénom: Cyril
Email: gosgos41@yahoo.com
Téléphone: 0621806769
Prestation: Carrelage
Description: test
Budget: 8900
---

2025-08-12 18:36:04 - Nouvelle soumission:
Nom: Shalaby
Prénom: Cyril
Email: gosgos41@yahoo.com
Téléphone: 0621806769
Prestation: Carrelage
Description: sdqfsqd
Budget: 8400
---

2025-08-12 18:49:09 - Email envoyé avec succès:
Nom: Shalaby
Prénom: Cyril
Email: gosgos41@yahoo.com
Téléphone: 0621806769
Prestation: Carrelage
Description: fsqd
Budget: 8800
Destinataire: gosgos41@yahoo.com
---

